C51 COMPILER V9.01   DHT11蝊湿度报綺系统__4个继电器                                        12/07/2024 12:41:16 PAGE 1   


C51 COMPILER V9.01, COMPILATION OF MODULE DHT11蝊湿度报綺系统__4个继电器
OBJECT MODULE PLACED IN dht11温湿度报警系统  4个继电器.OBJ
COMPILER INVOKED BY: D:\Program Files (x86)\KEIL4\C51\BIN\C51.EXE dht11温湿度报警系统  4个继电器.c BROWSE DEBUG OBJECTEX
                    -TEND

line level    source

   1          #include <reg52.h>               //调用单片机头文件
   2          #define uchar unsigned char  //无符号字符型 宏定义      变量范围0~255
   3          #define uint  unsigned int       //无符号整型 宏定义    变量范围0~65535
   4          
   5          sbit beep = P1^5;    //蜂鸣器IO口定义
   6          sbit relay1 = P3^4;  //温度上限继电器IO口定义
   7          sbit relay2 = P3^5;  //温度下限继电器IO口定义        
   8          sbit relay3 = P1^3;  //湿度上限继电器IO口定义
   9          sbit relay4 = P1^4;  //湿度下限继电器IO口定义
  10          uchar flag_en = 1;       //手动取消报警的变量
  11          
  12          uint flag_300ms ;        //300毫秒的变量           
  13           
  14          uchar menu_1;        //设置不同报警参数的变量
  15          uchar t_high = 35,t_low = 10;   //温度上下限报警值 
  16          uchar s_high = 80,s_low = 10;   //湿度上下限报警值
  17          
  18          sbit dht11=P2^7;         //温湿度传感器IO口定义
  19          uchar table_dht11[5]={0};        //温湿度值 放到这个数组里面
  20          
  21          sbit rs=P1^0;    //寄存器选择信号 H:数据寄存器          L:指令寄存器
  22          sbit rw=P1^1;    //寄存器选择信号 H:数据寄存器          L:指令寄存器
  23          sbit e =P1^2;    //片选信号   下降沿触发
  24          
  25          sbit key1 = P2^0;           //按键IO口定义
  26          sbit key2 = P2^1;               //按键IO口定义
  27          sbit key3 = P2^2;               //按键IO口定义
  28          
  29          /***************************************************************
  30          * 名称 : delay_1ms()
  31          * 功能 : 延时1ms函数
  32          * 输入 : q
  33          * 输出 : 无
  34          ****************************************************************/
  35          void delay_1ms(uint q)
  36          {
  37   1              uint i,j;
  38   1              for(i=0;i<q;i++)
  39   1                      for(j=0;j<120;j++);
  40   1      }
  41          
  42          /********************************************************************
  43          * 名称 : delay_uint()
  44          * 功能 : 小延时。
  45          * 输入 : 无
  46          * 输出 : 无
  47          ***********************************************************************/
  48          void delay_uint(uint q)
  49          {
  50   1              while(q--);
  51   1      }
  52          
  53          /********************************************************************
  54          * 名称 : write_com(uchar com)
C51 COMPILER V9.01   DHT11蝊湿度报綺系统__4个继电器                                        12/07/2024 12:41:16 PAGE 2   

  55          * 功能 : 1602指令函数
  56          * 输入 : 输入的指令值
  57          * 输出 : 无
  58          ***********************************************************************/
  59          void write_com(uchar com)
  60          {
  61   1              rs=0;        //写指令
  62   1              rw=0;        //对1602写操作
  63   1              P0=com;      //P0口对1602写指令 
  64   1              delay_uint(25);
  65   1              e=1;             //e=1使能信号 
  66   1              delay_uint(100);   //延时一下等1602完成操作
  67   1              e=0;
  68   1      }
  69          
  70          /********************************************************************
  71          * 名称 : write_data(uchar dat)
  72          * 功能 : 1602写数据函数
  73          * 输入 : 需要写入1602的数据
  74          * 输出 : 无
  75          ***********************************************************************/
  76          void write_data(uchar dat)
  77          {
  78   1              rs=1;        //写数据
  79   1              rw=0;        //对1602写操作
  80   1              P0=dat;          //P0口对1602写数据 
  81   1              delay_uint(25);
  82   1              e=1;             //e=1使能信号 
  83   1              delay_uint(100);   //延时一下等1602完成操作
  84   1              e=0;    
  85   1      }
  86          
  87          /***********************lcd1602上显示特定的字符****0XDF 度********************/
  88          void write_zifu(uchar hang,uchar add,uchar date)
  89          {
  90   1              if(hang==1)   
  91   1                      write_com(0x80+add);       //写1602第一行的地址 
  92   1              else
  93   1                      write_com(0x80+0x40+add);  //写1602第二行的地址 
  94   1              write_data(date);                 //写数据 
  95   1      }
  96          
  97          /***********************lcd1602上显示两位十进制数************************/
  98          void write_lcd2(uchar hang,uchar add,uint date)
  99          {
 100   1              if(hang==1)   
 101   1                      write_com(0x80+add);       //写1602第一行的地址 
 102   1              else
 103   1                      write_com(0x80+0x40+add);  //写1602第二行的地址 
 104   1              write_data(0x30+date/10%10);    //显示十位数
 105   1              write_data(0x30+date%10);       //显示个位数
 106   1      }
 107          
 108          /***********************lcd1602上显示这字符函数************************/
 109          void write_string(uchar hang,uchar add,uchar *p)
 110          {
 111   1              if(hang==1)   
 112   1                      write_com(0x80+add);       //写1602第一行的地址 
 113   1              else
 114   1                      write_com(0x80+0x40+add);   //写1602第二行的地址 
 115   1              while(1)                                                                                                                 
 116   1              {
C51 COMPILER V9.01   DHT11蝊湿度报綺系统__4个继电器                                        12/07/2024 12:41:16 PAGE 3   

 117   2                      if(*p == '\0')  break;  //\0字符串的结尾标志  break结束while循环 结束写字符
 118   2                      write_data(*p);     //写数据 
 119   2                      p++;                //指针地址加1  
 120   2              }       
 121   1      }
 122          
 123          /***********************lcd1602初始化设置************************/
 124          void init_1602()        //lcd1602初始化
 125          {
 126   1              write_com(0x38);  //显示模式设置：16×2显示，5×7点阵，8位数据接口 不检测忙信号
 127   1              write_com(0x0c);  //开显示 不显示光标
 128   1              write_com(0x06);  //当写一个字符是，地址指针加 1
 129   1              write_string(1,0,"Wd:00  H00  L00  ");  //初始化1602显示 
 130   1              write_string(2,0,"Sd:00% H00% L00% ");  //初始化1602显示 
 131   1              write_zifu(1,5,0xdf);   //显示温度单位度                
 132   1              write_zifu(1,10,0xdf);  //显示温度单位度                
 133   1              write_zifu(1,15,0xdf);  //显示温度单位度                
 134   1              write_lcd2(1,3,table_dht11[2]);    //显示温度
 135   1              write_lcd2(2,3,table_dht11[0]);   //显示湿度    
 136   1              write_lcd2(1,8,t_high);   //显示温度上限
 137   1              write_lcd2(2,8,s_high);   //显示湿度上限                
 138   1              write_lcd2(1,13,t_low);   //显示温度下限
 139   1              write_lcd2(2,13,s_low);   //显示湿度下限        
 140   1      }
 141          
 142          /********************独立按键程序*****************/
 143          uchar key_can;   //按键值
 144          
 145          void key()       //独立按键程序
 146          {
 147   1              key_can = 0;                //按键值还原成0
 148   1              if(key1 == 0 || key2 == 0 || key3 == 0)         //有按键按下 
 149   1              {
 150   2                      delay_1ms(1);           //按键延时消抖动
 151   2                      if(key1 == 0)           //确认是按键按下
 152   2                              key_can = 1;    //得到按键值 
 153   2                      if(key2 == 0)           //确认是按键按下
 154   2                              key_can = 2;    //得到按键值 
 155   2                      if(key3 == 0)           //确认是按键按下
 156   2                              key_can = 3;    //得到按键值 
 157   2                      beep = 0;                       //蜂鸣器叫一声
 158   2                      delay_1ms(50);
 159   2                      beep = 1;
 160   2              }
 161   1      }
 162           
 163          /****************按键显示函数***************/
 164          void key_with()
 165          {
 166   1              if(key_can == 1)           //设置键
 167   1              {
 168   2                      menu_1 ++;
 169   2                      if(menu_1 > 4)
 170   2                      {
 171   3                              menu_1 = 0;       //menu_1 = 0 退出设置了，在正常显示界面下
 172   3                              init_1602();  //lcd1602初始化显示                       
 173   3                      }
 174   2              }
 175   1              if(menu_1 == 1)                 //设置温度上限报警值 
 176   1              {
 177   2                      if(key_can == 2)   //加键 
 178   2                      {
C51 COMPILER V9.01   DHT11蝊湿度报綺系统__4个继电器                                        12/07/2024 12:41:16 PAGE 4   

 179   3                              t_high ++ ;             //设置温度上限报警值 加1        
 180   3                              if(t_high > 99)
 181   3                                      t_high = 99;
 182   3                      }
 183   2                      if(key_can == 3)
 184   2                      {
 185   3                              t_high -- ;             //设置温度上限报警值 减1        
 186   3                              if(t_high <= t_low)
 187   3                                      t_high = t_low + 1;      //限制温度上限不能低于温度下限
 188   3                      }
 189   2                      write_lcd2(1,8,t_high);    //显示上限报警值
 190   2                      write_com(0x80+8);         //将光标移动到第1行第8位
 191   2                      write_com(0x0f);           //显示光标并且闪烁   
 192   2              }       
 193   1              if(menu_1 == 2)                 //设置温度下限报警值 
 194   1              {
 195   2                      if(key_can == 2)        //加键
 196   2                      {
 197   3                              t_low ++ ;                      //设置温度下限报警值 加1 
 198   3                              if(t_low >= t_high)
 199   3                                      t_low = t_high - 1;       //限制温度下限不能高于温度上限
 200   3                      }
 201   2                      if(key_can == 3)                         
 202   2                      {
 203   3                              t_low -- ;                      //设置温度下限报警值 减1 
 204   3                              if(t_low <= 1)
 205   3                                      t_low = 1;
 206   3                      }
 207   2                      write_lcd2(1,13,t_low);   //显示温度下限报警值  
 208   2                      write_com(0x80+13);         //将光标移动到第1行第13位
 209   2                      write_com(0x0f);          //显示光标并且闪烁    
 210   2              }
 211   1              if(menu_1 == 3)                 //设置湿度上限报警值
 212   1              {
 213   2                      if(key_can == 2)        //加键
 214   2                      {
 215   3                              s_high ++ ;             //设置湿度上限报警值加1         
 216   3                              if(s_high > 99)
 217   3                                      s_high = 99;
 218   3                      }
 219   2                      if(key_can == 3)
 220   2                      {
 221   3                              s_high -- ;             //设置湿度上限报警值减1         
 222   3                              if(s_high <= s_low)
 223   3                                      s_high = s_low + 1;        //限制湿度上限不能低于湿度下限
 224   3                      }
 225   2                      write_lcd2(2,8,s_high);    //显示湿度上限报警值
 226   2                      write_com(0x80+0x40+8);    //将光标移动到第2行第8位
 227   2                      write_com(0x0f);           //显示光标并且闪烁   
 228   2              }       
 229   1              if(menu_1 == 4)                 //设置湿度下限报警值
 230   1              {
 231   2                      if(key_can == 2)        //加键
 232   2                      {
 233   3                              s_low ++ ;                      //设置湿度下限报警值 加1 
 234   3                              if(s_low >= s_high)
 235   3                                      s_low = s_high - 1;       //限制湿度下限不能高于湿度上限
 236   3                      }
 237   2                      if(key_can == 3)        //减键          
 238   2                      {
 239   3                              s_low -- ;                       //设置湿度下限报警值 减1 
 240   3                              if(s_low <= 1)
C51 COMPILER V9.01   DHT11蝊湿度报綺系统__4个继电器                                        12/07/2024 12:41:16 PAGE 5   

 241   3                                      s_low = 1;
 242   3                      }
 243   2                      write_lcd2(2,13,s_low);      //显示湿度下限报警值
 244   2                      write_com(0x80+0x40+13);     //将光标移动到第2行第13位
 245   2                      write_com(0x0f);             //显示光标并且闪烁 
 246   2              }       
 247   1      } 
 248          
 249          /*****************读温湿度传感器程序****************/
 250          void dht11_dis()
 251          {
 252   1              uchar i,j;                       
 253   1              dht11 = 0;         //DHT11端口复位，发出起始信号 
 254   1              delay_1ms(18);
 255   1              dht11 = 1;
 256   1              delay_uint(4);    
 257   1              if(dht11 == 0)    //判断是否响应    
 258   1              {
 259   2                      while(dht11 == 0);        //等待低电平时间过完
 260   2                      while(dht11 == 1);        //等待高电平时间过完
 261   2                      for(i=0;i<5;i++)
 262   2                      {
 263   3                              for(j=0;j<8;j++)
 264   3                              {
 265   4                                      table_dht11[i] <<= 1;  //数据左移一位低位自动补0
 266   4                                      while(dht11 == 0);  //等待低电平时间过完
 267   4                                      delay_uint(3);      //数据1的高电平时间 
 268   4                                      if(dht11 == 1)
 269   4                                      {
 270   5                                              table_dht11[i] |= 0x01;
 271   5                                              while(dht11 == 1);        //等待高电平时间过完
 272   5                                      }                       
 273   4                              }                       
 274   3                      }                       
 275   2              }
 276   1              dht11 = 1;       //释放总线 
 277   1      }
 278           
 279          /****************报警函数***************/
 280          void clock_h_l()
 281          {
 282   1              if((table_dht11[2] >= t_high))      //温度大于等于上限
 283   1              {                        
 284   2                      relay1 = 0;               //打开继电器
 285   2              }
 286   1              else 
 287   1              {
 288   2                      relay1 = 1;               //关闭继电器
 289   2              }
 290   1      
 291   1              if((table_dht11[2] <= t_low))      //温度小于等于下限
 292   1              {                        
 293   2                      relay2 = 0;               //打开继电器
 294   2              }
 295   1              else 
 296   1              {
 297   2                      relay2 = 1;               //关闭继电器
 298   2              }
 299   1      
 300   1              if((table_dht11[0] >= s_high))     //湿度大于等于上限
 301   1              {
 302   2                      relay3 = 0;               //打开继电器
C51 COMPILER V9.01   DHT11蝊湿度报綺系统__4个继电器                                        12/07/2024 12:41:16 PAGE 6   

 303   2              }else 
 304   1              {
 305   2                      relay3 = 1;               //关闭继电器
 306   2              }
 307   1      
 308   1              if((table_dht11[0] <= s_low))     //湿度小于等于下限
 309   1              {
 310   2                      relay4 = 0;               //打开继电器
 311   2              }else 
 312   1              {       
 313   2                      relay4 = 1;               //关闭继电器
 314   2              }
 315   1      
 316   1              if((relay1 == 0) || (relay2 == 0) || (relay3 == 0) || (relay4 == 0))
 317   1              {
 318   2                      if(flag_en == 1)
 319   2                              beep = ~beep;     //蜂鸣器报警
 320   2              }
 321   1              else 
 322   1              {
 323   2                      beep = 1;
 324   2                      flag_en = 1;
 325   2              }
 326   1              
 327   1      }
 328          
 329          
 330          /******************主程序**********************/           
 331          void main()
 332          {               
 333   1              init_1602();    //lcd1602初始化
 334   1              while(1)
 335   1              {
 336   2                      flag_300ms ++;
 337   2                      if(flag_300ms >= 300)    //300毫秒执行一次里面的程序 
 338   2                      {
 339   3                              flag_300ms = 0;
 340   3                              dht11_dis();            //先读出温湿度的值
 341   3                              write_lcd2(2,3,table_dht11[0]);   //显示湿度    
 342   3                              write_lcd2(1,3,table_dht11[2]);    //显示温度
 343   3                              clock_h_l();   //报警函数
 344   3                      }
 345   2                      key();                                  //按键程序 
 346   2                      key_with();                         //设置报警温度      
 347   2                      if(menu_1 == 0)
 348   2                      {       
 349   3                              if(key_can == 3)
 350   3                              {
 351   4                                      flag_en = 0;   //手动取消报警
 352   4                                      beep = 1;      //关闭蜂鸣器
 353   4                              }
 354   3                      }
 355   2                      delay_1ms(1);
 356   2              }
 357   1      }
 358          


MODULE INFORMATION:   STATIC OVERLAYABLE
   CODE SIZE        =    855    ----
   CONSTANT SIZE    =     36    ----
   XDATA SIZE       =   ----    ----
C51 COMPILER V9.01   DHT11蝊湿度报綺系统__4个继电器                                        12/07/2024 12:41:16 PAGE 7   

   PDATA SIZE       =   ----    ----
   DATA SIZE        =     14       1
   IDATA SIZE       =   ----    ----
   BIT SIZE         =   ----    ----
END OF MODULE INFORMATION.


C51 COMPILATION COMPLETE.  0 WARNING(S),  0 ERROR(S)
